<html>
<body>
<pre>
<h1>µVision Build Log</h1>
<h2>Tool Versions:</h2>
IDE-Version: µVision V5.21.1.0
Copyright (C) 2016 ARM Ltd and ARM Germany GmbH. All rights reserved.
License Information: User -, -, LIC=KIVCX-HSFAC-669QS-L0KLD-J7CGF-RWRIM
 
Tool Versions:
Toolchain:       MDK-ARM Professional  Version: 5.21a
Toolchain Path:  C:\Keil_v5\ARM\ARMCC\Bin
C Compiler:      Armcc.exe V5.06 update 3 (build 300)
Assembler:       Armasm.exe V5.06 update 3 (build 300)
Linker/Locator:  ArmLink.exe V5.06 update 3 (build 300)
Library Manager: ArmAr.exe V5.06 update 3 (build 300)
Hex Converter:   FromElf.exe V5.06 update 3 (build 300)
CPU DLL:         SARMCM3.DLL V5.21a
Dialog DLL:      DCM.DLL V1.13.8.0
Target DLL:      CMSIS_AGDI.dll V1.26.5.0
Dialog DLL:      TCM.DLL V1.14.14.0
 
<h2>Project:</h2>
\\vmware-host\Shared Folders\VM Shared\assignment-2-asteroids-Alain-CH-master\asteroids\asteroids.uvprojx
Project File Date:  05/12/2017

<h2>Output:</h2>
*** Using Compiler 'V5.06 update 3 (build 300)', folder: 'C:\Keil_v5\ARM\ARMCC\Bin'
Rebuild Project 'asteroids' - Target 'NXP LPC4088'
compiling utils.cpp...
compiling controller.cpp...
compiling model.cpp...
compiling view.cpp...
compiling asteroids.cpp...
assembling bitflip.s...
assembling startup_LPC407x_8x_177x_8x.S...
compiling cmsis_nvic.c...
compiling system_LPC407x_8x_177x_8x.c...
compiling sys.cpp...
compiling sys_helper.cpp...
linking...
.\Objects\mbed_example.axf: Warning: L6305W: Image does not have an entry point. (Not specified or not set due to multiple choices.)
Program Size: Code=34068 RO-data=4240 RW-data=164 ZI-data=2708  
Finished: 0 information, 1 warning and 0 error messages.
".\Objects\mbed_example.axf" - 0 Error(s), 1 Warning(s).

<h2>Collection of Component include folders:</h2>
  \\vmware-host\Shared Folders\VM Shared\assignment-2-asteroids-Alain-CH-master\asteroids\RTE
  C:\Keil_v5\ARM\PACK\Keil\LPC4000_DFP\2.0.0\Device\Include

<h2>Collection of Component Files used:</h2>
Build Time Elapsed:  00:00:05
</pre>
</body>
</html>
